// Jest Snapshot v1, https://goo.gl/fbAQLP

exports[`The ManageFrontend stack matches the snapshot 1`] = `Object {}`;
